2026-05-11 15:40:48,063 [INFO] ################################################################################
2026-05-11 15:40:48,063 [INFO] INÍCIO DO PROCESSAMENTO
2026-05-11 15:40:48,063 [INFO] Total de SKUs: 5
2026-05-11 15:40:48,063 [INFO] ################################################################################
2026-05-11 15:40:48,063 [INFO] 
2026-05-11 15:40:48,063 [INFO] [1/5] Processando SKU: W0250-0
2026-05-11 15:40:48,063 [INFO] ================================================================================
2026-05-11 15:40:48,063 [INFO] Buscando SKU: W0250-0
2026-05-11 15:40:49,406 [INFO] Produto encontrado | SKU: W0250-0 | Tipo: configurable | ID: 6a0218be374ce96be9cb7256
2026-05-11 15:40:49,407 [INFO] Enviando produto | SKU: W0250-0 | Tipo: configurable | Product ID: 6a0218be374ce96be9cb7256
2026-05-11 15:40:50,270 [INFO] Envio realizado com sucesso | SKU: W0250-0
2026-05-11 15:40:50,271 [INFO] Produto configurable detectado: W0250-0
2026-05-11 15:40:50,271 [INFO] Iniciando envio dos filhos
2026-05-11 15:40:50,271 [INFO] Processando 4 variações
2026-05-11 15:40:50,271 [INFO] Enviando produto | SKU: 75720 | Tipo: child | Product ID: 6a0218bfdcb154c1e326f7d5
2026-05-11 15:40:51,221 [INFO] Envio realizado com sucesso | SKU: 75720
2026-05-11 15:40:55,226 [INFO] Enviando produto | SKU: 75722 | Tipo: child | Product ID: 6a0218c1c087402d70c87cb3
2026-05-11 15:40:56,137 [INFO] Envio realizado com sucesso | SKU: 75722
2026-05-11 15:41:00,143 [INFO] Enviando produto | SKU: 75724 | Tipo: child | Product ID: 6a0218c61e7edc2e31c5b3a8
2026-05-11 15:41:01,510 [INFO] Envio realizado com sucesso | SKU: 75724
2026-05-11 15:41:05,515 [INFO] Enviando produto | SKU: 75723 | Tipo: child | Product ID: 6a0218cac087402d70c88aea
2026-05-11 15:41:06,427 [INFO] Envio realizado com sucesso | SKU: 75723
2026-05-11 15:41:14,436 [INFO] 
2026-05-11 15:41:14,437 [INFO] [2/5] Processando SKU: W0250-9
2026-05-11 15:41:14,437 [INFO] ================================================================================
2026-05-11 15:41:14,437 [INFO] Buscando SKU: W0250-9
2026-05-11 15:41:15,599 [INFO] Produto encontrado | SKU: W0250-9 | Tipo: configurable | ID: 6a0218c35b288de070ad9714
2026-05-11 15:41:15,600 [INFO] Enviando produto | SKU: W0250-9 | Tipo: configurable | Product ID: 6a0218c35b288de070ad9714
2026-05-11 15:41:16,486 [INFO] Envio realizado com sucesso | SKU: W0250-9
2026-05-11 15:41:16,486 [INFO] Produto configurable detectado: W0250-9
2026-05-11 15:41:16,486 [INFO] Iniciando envio dos filhos
2026-05-11 15:41:16,486 [INFO] Processando 1 variações
2026-05-11 15:41:16,486 [INFO] Enviando produto | SKU: 117258 | Tipo: child | Product ID: 6a0218c4dcb154c1e326fe6b
2026-05-11 15:41:17,402 [INFO] Envio realizado com sucesso | SKU: 117258
2026-05-11 15:41:25,413 [INFO] 
2026-05-11 15:41:25,414 [INFO] [3/5] Processando SKU: E5000-7
2026-05-11 15:41:25,414 [INFO] ================================================================================
2026-05-11 15:41:25,414 [INFO] Buscando SKU: E5000-7
2026-05-11 15:41:26,275 [INFO] Produto encontrado | SKU: E5000-7 | Tipo: configurable | ID: 6a0218cc37e48995b25eeb44
2026-05-11 15:41:26,277 [INFO] Enviando produto | SKU: E5000-7 | Tipo: configurable | Product ID: 6a0218cc37e48995b25eeb44
2026-05-11 15:41:27,180 [INFO] Envio realizado com sucesso | SKU: E5000-7
2026-05-11 15:41:27,181 [INFO] Produto configurable detectado: E5000-7
2026-05-11 15:41:27,181 [INFO] Iniciando envio dos filhos
2026-05-11 15:41:27,181 [INFO] Processando 4 variações
2026-05-11 15:41:27,181 [INFO] Enviando produto | SKU: 117254 | Tipo: child | Product ID: 6a0218cd8fb0e331527ea032
2026-05-11 15:41:28,253 [INFO] Envio realizado com sucesso | SKU: 117254
2026-05-11 15:41:32,256 [INFO] Enviando produto | SKU: 117255 | Tipo: child | Product ID: 6a0218d083bc70bbd0782631
2026-05-11 15:41:33,134 [INFO] Envio realizado com sucesso | SKU: 117255
2026-05-11 15:41:37,137 [INFO] Enviando produto | SKU: 117256 | Tipo: child | Product ID: 6a0218d28fb0e331527eaadc
2026-05-11 15:41:38,123 [INFO] Envio realizado com sucesso | SKU: 117256
2026-05-11 15:41:42,129 [INFO] Enviando produto | SKU: 117257 | Tipo: child | Product ID: 6a0218d4b4c0f7df68064bbf
2026-05-11 15:41:43,107 [INFO] Envio realizado com sucesso | SKU: 117257
2026-05-11 15:41:51,113 [INFO] 
2026-05-11 15:41:51,113 [INFO] [4/5] Processando SKU: E5003-226
2026-05-11 15:41:51,114 [INFO] ================================================================================
2026-05-11 15:41:51,114 [INFO] Buscando SKU: E5003-226
2026-05-11 15:41:52,040 [INFO] Produto encontrado | SKU: E5003-226 | Tipo: configurable | ID: 6a0218d65b288de070adb871
2026-05-11 15:41:52,042 [INFO] Enviando produto | SKU: E5003-226 | Tipo: configurable | Product ID: 6a0218d65b288de070adb871
2026-05-11 15:41:52,939 [INFO] Envio realizado com sucesso | SKU: E5003-226
2026-05-11 15:41:52,939 [INFO] Produto configurable detectado: E5003-226
2026-05-11 15:41:52,940 [INFO] Iniciando envio dos filhos
2026-05-11 15:41:52,940 [INFO] Processando 5 variações
2026-05-11 15:41:52,940 [INFO] Enviando produto | SKU: 117239 | Tipo: child | Product ID: 6a0218d7dcb154c1e3272091
2026-05-11 15:41:53,800 [INFO] Envio realizado com sucesso | SKU: 117239
2026-05-11 15:41:57,803 [INFO] Enviando produto | SKU: 117240 | Tipo: child | Product ID: 6a0218d9374ce96be9cb9d1d
2026-05-11 15:41:58,776 [INFO] Envio realizado com sucesso | SKU: 117240
2026-05-11 15:42:02,782 [INFO] Enviando produto | SKU: 117241 | Tipo: child | Product ID: 6a0218db37e48995b25f03e9
2026-05-11 15:42:03,705 [INFO] Envio realizado com sucesso | SKU: 117241
2026-05-11 15:42:07,711 [INFO] Enviando produto | SKU: 117242 | Tipo: child | Product ID: 6a0218dcabb4183d0479fd79
2026-05-11 15:42:08,709 [INFO] Envio realizado com sucesso | SKU: 117242
2026-05-11 15:42:12,716 [INFO] Enviando produto | SKU: 117243 | Tipo: child | Product ID: 6a0218de374ce96be9cba4e0
2026-05-11 15:42:13,788 [INFO] Envio realizado com sucesso | SKU: 117243
2026-05-11 15:42:21,793 [INFO] 
2026-05-11 15:42:21,794 [INFO] [5/5] Processando SKU: E0093-9
2026-05-11 15:42:21,794 [INFO] ================================================================================
2026-05-11 15:42:21,794 [INFO] Buscando SKU: E0093-9
2026-05-11 15:42:22,708 [INFO] Produto encontrado | SKU: E0093-9 | Tipo: configurable | ID: 6a0218df1e7edc2e31c5dbd3
2026-05-11 15:42:22,710 [INFO] Enviando produto | SKU: E0093-9 | Tipo: configurable | Product ID: 6a0218df1e7edc2e31c5dbd3
2026-05-11 15:42:23,591 [INFO] Envio realizado com sucesso | SKU: E0093-9
2026-05-11 15:42:23,592 [INFO] Produto configurable detectado: E0093-9
2026-05-11 15:42:23,592 [INFO] Iniciando envio dos filhos
2026-05-11 15:42:23,592 [INFO] Processando 10 variações
2026-05-11 15:42:23,592 [INFO] Enviando produto | SKU: 117228 | Tipo: child | Product ID: 6a0218e0374ce96be9cba83a
2026-05-11 15:42:24,485 [INFO] Envio realizado com sucesso | SKU: 117228
2026-05-11 15:42:28,490 [INFO] Enviando produto | SKU: 117259 | Tipo: child | Product ID: 6a0218e25b288de070adca22
2026-05-11 15:42:29,631 [INFO] Envio realizado com sucesso | SKU: 117259
2026-05-11 15:42:33,637 [INFO] Enviando produto | SKU: 117260 | Tipo: child | Product ID: 6a0218e45b288de070adcdea
2026-05-11 15:42:34,736 [INFO] Envio realizado com sucesso | SKU: 117260
2026-05-11 15:42:38,741 [INFO] Enviando produto | SKU: 117261 | Tipo: child | Product ID: 6a021b13abb4183d047da69f
2026-05-11 15:42:39,604 [INFO] Envio realizado com sucesso | SKU: 117261
2026-05-11 15:42:43,608 [INFO] Enviando produto | SKU: 117262 | Tipo: child | Product ID: 6a021b151e7edc2e31c98799
2026-05-11 15:42:44,781 [INFO] Envio realizado com sucesso | SKU: 117262
2026-05-11 15:42:48,783 [INFO] Enviando produto | SKU: 117263 | Tipo: child | Product ID: 6a021b17dcb154c1e32ad725
2026-05-11 15:42:49,742 [INFO] Envio realizado com sucesso | SKU: 117263
2026-05-11 15:42:53,749 [INFO] Enviando produto | SKU: 117264 | Tipo: child | Product ID: 6a021b18abb4183d047db0af
2026-05-11 15:42:54,626 [INFO] Envio realizado com sucesso | SKU: 117264
2026-05-11 15:42:58,628 [INFO] Enviando produto | SKU: 117266 | Tipo: child | Product ID: 6a021b1a5b288de070b17bc2
2026-05-11 15:42:59,645 [INFO] Envio realizado com sucesso | SKU: 117266
2026-05-11 15:43:03,651 [INFO] Enviando produto | SKU: 117267 | Tipo: child | Product ID: 6a021b1c8fb0e331528274fd
2026-05-11 15:43:04,534 [INFO] Envio realizado com sucesso | SKU: 117267
2026-05-11 15:43:08,538 [INFO] Enviando produto | SKU: 117268 | Tipo: child | Product ID: 6a021b1e83bc70bbd07bf1d7
2026-05-11 15:43:09,508 [INFO] Envio realizado com sucesso | SKU: 117268
2026-05-11 15:43:17,516 [INFO] 
2026-05-11 15:43:17,517 [INFO] ################################################################################
2026-05-11 15:43:17,517 [INFO] PROCESSAMENTO FINALIZADO
2026-05-11 15:43:17,517 [INFO] ################################################################################
