2026-05-08 13:46:25,594 [INFO] ################################################################################
2026-05-08 13:46:25,594 [INFO] INÍCIO DO PROCESSAMENTO
2026-05-08 13:46:25,594 [INFO] Total de SKUs: 26
2026-05-08 13:46:25,594 [INFO] ################################################################################
2026-05-08 13:46:25,594 [INFO] 
2026-05-08 13:46:25,594 [INFO] [1/26] Processando SKU: 25387-0
2026-05-08 13:46:25,594 [INFO] ================================================================================
2026-05-08 13:46:25,594 [INFO] Buscando SKU: 25387-0
2026-05-08 13:46:26,501 [ERROR] Erro ao buscar SKU 25387-0 | Status: 401
2026-05-08 13:46:26,502 [INFO] 
2026-05-08 13:46:26,502 [INFO] [2/26] Processando SKU: 29531-0
2026-05-08 13:46:26,502 [INFO] ================================================================================
2026-05-08 13:46:26,502 [INFO] Buscando SKU: 29531-0
2026-05-08 13:46:27,351 [ERROR] Erro ao buscar SKU 29531-0 | Status: 401
2026-05-08 13:46:27,353 [INFO] 
2026-05-08 13:46:27,353 [INFO] [3/26] Processando SKU: 29900
2026-05-08 13:46:27,353 [INFO] ================================================================================
2026-05-08 13:46:27,353 [INFO] Buscando SKU: 29900
2026-05-08 13:46:28,188 [ERROR] Erro ao buscar SKU 29900 | Status: 401
2026-05-08 13:46:28,190 [INFO] 
2026-05-08 13:46:28,190 [INFO] [4/26] Processando SKU: 29933-3
2026-05-08 13:46:28,190 [INFO] ================================================================================
2026-05-08 13:46:28,190 [INFO] Buscando SKU: 29933-3
2026-05-08 13:46:29,085 [ERROR] Erro ao buscar SKU 29933-3 | Status: 401
2026-05-08 13:46:29,086 [INFO] 
2026-05-08 13:46:29,087 [INFO] [5/26] Processando SKU: 29933-9
2026-05-08 13:46:29,087 [INFO] ================================================================================
2026-05-08 13:46:29,087 [INFO] Buscando SKU: 29933-9
2026-05-08 13:46:29,923 [ERROR] Erro ao buscar SKU 29933-9 | Status: 401
2026-05-08 13:46:29,925 [INFO] 
2026-05-08 13:46:29,926 [INFO] [6/26] Processando SKU: 29959-0
2026-05-08 13:46:29,926 [INFO] ================================================================================
2026-05-08 13:46:29,926 [INFO] Buscando SKU: 29959-0
2026-05-08 13:46:30,754 [ERROR] Erro ao buscar SKU 29959-0 | Status: 401
2026-05-08 13:46:30,756 [INFO] 
2026-05-08 13:46:30,756 [INFO] [7/26] Processando SKU: 29931-0
2026-05-08 13:46:30,756 [INFO] ================================================================================
2026-05-08 13:46:30,757 [INFO] Buscando SKU: 29931-0
