2026-05-07 11:58:28,607 [INFO] ####################################################################################################
2026-05-07 11:58:28,608 [INFO] INÍCIO DO PROCESSAMENTO
2026-05-07 11:58:28,608 [INFO] TOTAL DE SKUS: 27
2026-05-07 11:58:28,608 [INFO] DELAY CONFIGURADO: 5s
2026-05-07 11:58:28,608 [INFO] LOG FILE: resend_script_20260507_115828.log
2026-05-07 11:58:28,608 [INFO] ####################################################################################################
2026-05-07 11:58:28,608 [INFO] 
2026-05-07 11:58:28,608 [INFO] ####################################################################################################
2026-05-07 11:58:28,608 [INFO] PROCESSANDO SKU 1/27
2026-05-07 11:58:28,608 [INFO] SKU ATUAL: E0201-9
2026-05-07 11:58:28,608 [INFO] ####################################################################################################
2026-05-07 11:58:28,608 [INFO] ====================================================================================================
2026-05-07 11:58:28,608 [INFO] INICIANDO BUSCA DO SKU: E0201-9
2026-05-07 11:58:28,608 [INFO] URL GET: https://middleware-prd.api.integra.do/prd/v1/product?limit=1&query=type[STARTS_WITH]=,sku[HAS]=E0201-9,client_id[IN]=69975b279849d9b88045f531|69a899d23149f9e4cd025c7e|695d14d00db4166e16e6d3c6|69975b6f970deb1b531b779d|69172a59ebb6d0541a01e4ff|69b944136108df12ca467e44|6978f6b2f9b104e02be6b295|69a59d1a1f943cb8dd6f6c01|690a30663edfe92211c0c11c|6980cebfd928b094bf7a9652|6980ce96ba66c631fc9fab70|69a8a2d33a39958c54c1fae9|697a48ea37a19e8da0e00f8a|688cca5e19bebbc0c0269b8b|6888c916a699a18151c72396
2026-05-07 11:58:37,226 [INFO] STATUS GET SKU E0201-9: 200
2026-05-07 11:58:37,227 [INFO] SKU ENCONTRADO: E0201-9
2026-05-07 11:58:37,227 [INFO] PRODUCT_ID: 69fc926d8fb0e33152804e43
2026-05-07 11:58:37,227 [INFO] NOME: CMS REG TREINO GOL FFC MAS PRETO
2026-05-07 11:58:37,227 [INFO] TIPO: configurable
2026-05-07 11:58:37,228 [INFO] ----------------------------------------------------------------------------------------------------
2026-05-07 11:58:37,228 [INFO] INICIANDO RESEND
2026-05-07 11:58:37,229 [INFO] TENTATIVA: 1/3
2026-05-07 11:58:37,229 [INFO] SKU: E0201-9
2026-05-07 11:58:37,229 [INFO] NOME: CMS REG TREINO GOL FFC MAS PRETO
2026-05-07 11:58:37,229 [INFO] TIPO: configurable
2026-05-07 11:58:37,229 [INFO] PRODUCT_ID: 69fc926d8fb0e33152804e43
2026-05-07 11:58:37,229 [INFO] URL PUT: https://middleware-prd.api.integra.do/prd/v1/product/69fc926d8fb0e33152804e43/resend
2026-05-07 11:58:37,229 [INFO] PAYLOAD: {'entity_integrator_id': '647e3feed02bd87f86d27dff', 'skip_validation': True, 'use_seller_integrator': True}
2026-05-07 11:58:38,983 [INFO] STATUS PUT: 200
2026-05-07 11:58:38,983 [INFO] RESEND REALIZADO COM SUCESSO
2026-05-07 11:58:38,983 [INFO] RESPONSE: {"product_id":"69fc926d8fb0e33152804e43","created_at":"2026-05-07T13:23:57.346Z","updated_at":"2026-05-07T14:53:58.217Z","client_id":"69a59d1a1f943cb8dd6f6c01","user_change_history":[{"date":"2026-05-07T13:33:31.703Z","user":{"user_id":"689a49a970b1fa1cf74b7fc1","name":"Volt Sports"},"changes":{"variations":[{"sku":"114587","productId":"69fc926dc087402d70c987c7"},{"sku":"114588","productId":"69fc926fdcb154c1e328ad14"},{"sku":"114589","productId":"69fc9271374ce96be9cc793a"},{"sku":"114590","productId":"69fc92731e7edc2e31c78d81"},{"sku":"114591","productId":"69fc92761e7edc2e31c7937f"},{"sku":"114592","productId":"69fc927937e48995b26155e5"},{"sku":"114593","productId":"69fc94a9dcb154c1e32c2564"}]}},{"date":"2026-05-07T13:33:29.513Z","user":{"user_id":"689a49a970b1fa1cf74b7fc1","name":"Volt Sports"},"changes":{"variations":[{"sku":"114587","productId":"69fc926dc087402d70c987c7"},{"sku":"114588","productId":"69fc926fdcb154c1e328ad14"},{"sku":"114589","productId":"69fc9271374ce96be9cc793a"},{"sku":"114590","productId":"69fc92731e7edc2e31c78d81"},{"sku":"114591","productId":"69fc92761e7edc2e31c7937f"},{"sku":"114592","productId":"69fc927937e48995b26155e5"}]}},{"date":"2026-05-07T13:28:26.308Z","user":{"user_id":"689a49a970b1fa1cf74b7fc1","name":"Volt Sports"},"changes":{"additionalAttributes":[]}},{"date":"2026-05-07T13:24:09.364Z","user":{"user_id":"689a49a970b1fa1cf74b7fc1","name":"Volt Sports"},"changes":{"variations":[{"sku":"114587","productId":"69fc926dc087402d70c987c7"},{"sku":"114588","productId":"69fc926fdcb154c1e328ad14"},{"sku":"114589","productId":"69fc9271374ce96be9cc793a"},{"sku":"114590","productId":"69fc92731e7edc2e31c78d81"},{"sku":"114591","productId":"69fc92761e7edc2e31c7937f"}]}},{"date":"2026-05-07T13:24:06.502Z","user":{"user_id":"689a49a970b1fa1cf74b7fc1","name":"Volt Sports"},"changes":{"variations":[{"sku":"114587","productId":"69fc926dc087402d70c987c7"},{"sku":"114588","productId":"69fc926fdcb154c1e328ad14"},{"sku":"114589","productId":"69fc9271374ce96be9cc793a"},{"sku":"114590","productId":"69fc92731e7edc2e31c78d81"}]}},{"date":"2026-05-07T13:24:03.933Z","user":{"user_id":"689a49a970b1fa1cf74b7fc1","name":"Volt Sports"},"changes":{"variations":[{"sku":"114587","productId":"69fc926dc087402d70c987c7"},{"sku":"114588","productId":"69fc926fdcb154c1e328ad14"},{"sku":"114589","productId":"69fc9271374ce96be9cc793a"}]}},{"date":"2026-05-07T13:24:01.578Z","user":{"user_id":"689a49a970b1fa1cf74b7fc1","name":"Volt Sports"},"changes":{"variations":[{"sku":"114587","productId":"69fc926dc087402d70c987c7"},{"sku":"114588","productId":"69fc926fdcb154c1e328ad14"}]}},{"date":"2026-05-07T13:23:59.685Z","user":{"user_id":"689a49a970b1fa1cf74b7fc1","name":"Volt Sports"},"changes":{"variations":[{"sku":"114587","productId":"69fc926dc087402d70c987c7"}]}},{"date":"2026-05-07T13:23:57.877Z","user":{"user_id":"689a49a970b1fa1cf74b7fc1","name":"Volt Sports"},"changes":{"variations":[]}},{"date":"2026-05-07T13:23:57.345Z","user":{"user_id":"689a49a970b1fa1cf74b7fc1","name":"Volt Sports"},"changes":"entity created"}],"integration_message":"A integração conseguiu processar este item com sucesso","integration_status_type":"success","integration_status":[{"created_at":"2026-05-07T14:53:58.216Z","status":"success","integrator_id":"6437f67eee562dcf88a215f3","error":"A integração conseguiu processar este item com sucesso","user":"volt@integra.do"},{"created_at":"2026-05-07T14:53:55.450Z","status":"processing","integrator_id":"6437f67eee562dcf88a215f3","error":"A integração está processando este item","user":"volt@integra.do"},{"created_at":"2026-05-07T13:34:32.101Z","status":"success","integrator_id":"6437f67eee562dcf88a215f3","error":"A integração conseguiu processar este item com sucesso","user":"volt@integra.do"},{"created_at":"2026-05-07T13:34:30.381Z","status":"processing","integrator_id":"6437f67eee562dcf88a215f3","error":"A integração está processando este item","user":"volt@integra.do"},{"created_at":"2026-05-07T13:34:19.125Z","status":"success","integrator_id":"6437f67eee562dcf88a215f3","error":"A integração conseguiu processar este item com sucesso","user":"volt@integra.do"},{"created_at":"2026-05-07T13:34:16.105Z","status":"processing","integrator_id":"6437f67eee562dcf88a215f3","error":"A integração está processando este item","user":"volt@integra.do"},{"created_at":"2026-05-07T13:33:31.728Z","status":"updated","integrator_id":"6437f67eee562dcf88a215f3","error":"Updated on Middleware Database.","user":"volt@integra.do"},{"created_at":"2026-05-07T13:33:29.550Z","status":"updated","integrator_id":"6437f67eee562dcf88a215f3","error":"Updated on Middleware Database.","user":"volt@integra.do"},{"created_at":"2026-05-07T13:30:21.798Z","status":"success","integrator_id":"6437f67eee562dcf88a215f3","error":"A integração conseguiu processar este item com sucesso","user":"volt@integra.do"},{"created_at":"2026-05-07T13:30:20.763Z","status":"processing","integrator_id":"6437f67eee562dcf88a215f3","error":"A integração está processando este item","user":"volt@integra.do"}],"seller_name":"6888c916a699a18151c72396 - Fornecedor: Figueirence","weight_type":"g","sku":"E0201-9","name":"CMS REG TREINO GOL FFC MAS PRETO","status":"active","approved":true,"description":"CMS REG TREINO GOL FFC MAS","type":"configurable","configurable_attributes":[{"key":"color","label":"Cor"}],"additional_attributes":[{"key":"product_id_vtex","label":"Id Produto Vtex","value":62}],"image_list":[],"integrated":true,"variations":[{"sku":"114587","product_id":"69fc926dc087402d70c987c7"},{"sku":"114588","product_id":"69fc926fdcb154c1e328ad14"},{"sku":"114589","product_id":"69fc9271374ce96be9cc793a"},{"sku":"114590","product_id":"69fc92731e7edc2e31c78d81"},{"sku":"114591","product_id":"69fc92761e7edc2e31c7937f"},{"sku":"114592","product_id":"69fc927937e48995b26155e5"},{"sku":"114593","product_id":"69fc94a9dcb154c1e32c2564"},{"sku":"114594","product_id":"69fc94abdcb154c1e32c28e5"}],"external_ids":[],"categories":[],"warehouses":[],"resend":true,"stock_list":[],"price_list":[],"failed_rules":"Product without stocks, Product without prices","generatedSQS":true}
2026-05-07 11:58:38,985 [INFO] 
2026-05-07 11:58:38,985 [INFO] ====================================================================================================
2026-05-07 11:58:38,985 [INFO] PRODUTO E0201-9 É CONFIGURABLE
2026-05-07 11:58:38,985 [INFO] INICIANDO PROCESSAMENTO DOS FILHOS
2026-05-07 11:58:38,985 [INFO] ====================================================================================================
2026-05-07 11:58:38,985 [INFO] ====================================================================================================
2026-05-07 11:58:38,985 [INFO] PROCESSANDO 8 VARIAÇÕES
2026-05-07 11:58:38,985 [INFO] ----------------------------------------------------------------------------------------------------
2026-05-07 11:58:38,985 [INFO] VARIAÇÃO 1/8
2026-05-07 11:58:38,985 [INFO] SKU FILHO: 114587
2026-05-07 11:58:38,985 [INFO] PRODUCT_ID FILHO: 69fc926dc087402d70c987c7
2026-05-07 11:58:38,985 [INFO] ----------------------------------------------------------------------------------------------------
2026-05-07 11:58:38,986 [INFO] INICIANDO RESEND
2026-05-07 11:58:38,986 [INFO] TENTATIVA: 1/3
2026-05-07 11:58:38,986 [INFO] SKU: 114587
2026-05-07 11:58:38,986 [INFO] NOME: PRODUTO FILHO
2026-05-07 11:58:38,986 [INFO] TIPO: child
2026-05-07 11:58:38,986 [INFO] PRODUCT_ID: 69fc926dc087402d70c987c7
2026-05-07 11:58:38,986 [INFO] URL PUT: https://middleware-prd.api.integra.do/prd/v1/product/69fc926dc087402d70c987c7/resend
2026-05-07 11:58:38,986 [INFO] PAYLOAD: {'entity_integrator_id': '647e3feed02bd87f86d27dff', 'skip_validation': True, 'use_seller_integrator': True}
2026-05-07 11:58:42,559 [INFO] STATUS PUT: 200
2026-05-07 11:58:42,560 [INFO] RESEND REALIZADO COM SUCESSO
2026-05-07 11:58:42,560 [INFO] RESPONSE: {"product_id":"69fc926dc087402d70c987c7","created_at":"2026-05-07T13:23:57.851Z","updated_at":"2026-05-07T13:28:31.454Z","client_id":"69a59d1a1f943cb8dd6f6c01","user_change_history":[{"date":"2026-05-07T13:28:29.050Z","user":{"user_id":"689a49a970b1fa1cf74b7fc1","name":"Volt Sports"},"changes":{"additionalAttributes":[{"key":"codigo_marca","label":"Codigo da marca na Microvix","value":"53"},{"key":"classification","label":"Classificação","value":"7"},{"key":"collection","label":"Coleção","value":"9"},{"key":"grade1","label":"Grade 1","value":"14"},{"key":"grade2","label":"Grade 2","value":"9"},{"key":"line","label":"Linha","value":"505"},{"key":"sector","label":"Setor","value":"4"},{"key":"portal","label":"Portal","value":"23649"},{"key":"timestamp","label":"Timestamp","value":"7025948"},{"key":"codauxiliar","label":"Código Auxiliar na microvix","value":"1.E0201.06G.PT0003"},{"key":"father_reference","label":"Referência do produto pai","value":"E0201"},{"key":"tamanho","label":"Tamanho","value":"6G"},{"key":"colecao","label":"Coleção","value":"ENXOVAL"},{"key":"cor","label":"Cor","value":"PRETO"},{"key":"marca","label":"Marca","value":"VOLT+FFC"}]}},{"date":"2026-05-07T13:23:57.850Z","user":{"user_id":"689a49a970b1fa1cf74b7fc1","name":"Volt Sports"},"changes":"entity created"}],"integration_message":"A integração conseguiu processar este item com sucesso","integration_status_type":"success","integration_status":[{"created_at":"2026-05-07T13:28:31.454Z","status":"success","integrator_id":"6437f67eee562dcf88a215f3","error":"A integração conseguiu processar este item com sucesso","user":"volt@integra.do"},{"created_at":"2026-05-07T13:28:29.086Z","status":"updated","integrator_id":"6437f67eee562dcf88a215f3","error":"Updated on Middleware Database.","user":"volt@integra.do"},{"created_at":"2026-05-07T13:28:26.806Z","status":"processing","integrator_id":"6437f67eee562dcf88a215f3","error":"A integração está processando este item","user":"volt@integra.do"},{"created_at":"2026-05-07T13:23:57.872Z","status":"created","integrator_id":"6437f67eee562dcf88a215f3","error":"Created on Middleware Database.","user":"volt@integra.do"}],"seller_name":"6888c916a699a18151c72396 - Fornecedor: Figueirence","weight_type":"g","sku":"114587","name":"CMS REG TREINO GOL FFC MAS PRETO 6G","father_id":"E0201-9","ean":7901074664187,"weight":0.4,"status":"active","approved":true,"description":"CMS REG TREINO GOL FFC MAS","height":0.14,"width":0.3,"length":0.3,"type":"child","configurable_attributes":[],"additional_attributes":[{"key":"codigo_marca","label":"Codigo da marca na Microvix","value":"53"},{"key":"classification","label":"Classificação","value":"7"},{"key":"collection","label":"Coleção","value":"9"},{"key":"grade1","label":"Grade 1","value":"14"},{"key":"grade2","label":"Grade 2","value":"9"},{"key":"line","label":"Linha","value":"505"},{"key":"sector","label":"Setor","value":"4"},{"key":"portal","label":"Portal","value":"23649"},{"key":"timestamp","label":"Timestamp","value":"7025948"},{"key":"codauxiliar","label":"Código Auxiliar na microvix","value":"1.E0201.06G.PT0003"},{"key":"father_reference","label":"Referência do produto pai","value":"E0201"},{"key":"tamanho","label":"Tamanho","value":"6G"},{"key":"colecao","label":"Coleção","value":"ENXOVAL"},{"key":"cor","label":"Cor","value":"PRETO"},{"key":"marca","label":"Marca","value":"VOLT+FFC"},{"key":"product_id_vtex","label":"Id Produto Vtex","value":114587}],"image_list":[],"integrated":true,"external_ids":[],"categories":[],"warehouses":[],"resend":true,"stock_list":[{"warehouse_code":"1","stock_id":"69fc9148abb4183d047ac9c3","created_at":"2026-05-07T13:19:04.642Z","updated_at":"2026-05-07T13:19:04.642Z","client_id":"69a59d1a1f943cb8dd6f6c01","user_change_history":[{"date":"2026-05-07T13:19:04.641Z","user":{"user_id":"689a49a970b1fa1cf74b7fc1","name":"Volt Sports"},"changes":"entity created"}],"integration_status":[],"seller_name":"6888c916a699a18151c72396 - Fornecedor: Figueirence","sku":"114587","warehouse_name":"SPIELER SPORTS  JOINVILLE","qty":0,"status":"active","additional_attributes":[{"key":"lead_time","label":"Tempo de entrega","value":"0"}]}],"price_list":[{"price_list_code":"1","price_id":"69fc9171dcb154c1e3271334","created_at":"2026-05-07T13:19:45.662Z","updated_at":"2026-05-07T13:19:45.662Z","client_id":"69a59d1a1f943cb8dd6f6c01","user_change_history":[{"date":"2026-05-07T13:19:45.661Z","user":{"user_id":"689a49a970b1fa1cf74b7fc1","name":"Volt Sports"},"changes":"entity created"}],"integration_status":[],"seller_name":"6888c916a699a18151c72396 - Fornecedor: Figueirence","sku":"114587","status":"active","price":199.99,"replace_special_prices":[],"special_prices":[],"promotion_rules":[],"additional_attributes":[]}],"generatedSQS":true}
2026-05-07 11:58:42,562 [INFO] FILHO 114587 ENVIADO COM SUCESSO
2026-05-07 11:58:42,562 [INFO] AGUARDANDO 5s ANTES DA PRÓXIMA VARIAÇÃO
2026-05-07 11:58:47,567 [INFO] ----------------------------------------------------------------------------------------------------
2026-05-07 11:58:47,568 [INFO] VARIAÇÃO 2/8
2026-05-07 11:58:47,568 [INFO] SKU FILHO: 114588
2026-05-07 11:58:47,568 [INFO] PRODUCT_ID FILHO: 69fc926fdcb154c1e328ad14
2026-05-07 11:58:47,568 [INFO] ----------------------------------------------------------------------------------------------------
2026-05-07 11:58:47,568 [INFO] INICIANDO RESEND
2026-05-07 11:58:47,568 [INFO] TENTATIVA: 1/3
2026-05-07 11:58:47,568 [INFO] SKU: 114588
2026-05-07 11:58:47,568 [INFO] NOME: PRODUTO FILHO
2026-05-07 11:58:47,568 [INFO] TIPO: child
2026-05-07 11:58:47,569 [INFO] PRODUCT_ID: 69fc926fdcb154c1e328ad14
2026-05-07 11:58:47,569 [INFO] URL PUT: https://middleware-prd.api.integra.do/prd/v1/product/69fc926fdcb154c1e328ad14/resend
2026-05-07 11:58:47,569 [INFO] PAYLOAD: {'entity_integrator_id': '647e3feed02bd87f86d27dff', 'skip_validation': True, 'use_seller_integrator': True}
2026-05-07 11:58:50,387 [INFO] STATUS PUT: 200
2026-05-07 11:58:50,388 [INFO] RESEND REALIZADO COM SUCESSO
2026-05-07 11:58:50,388 [INFO] RESPONSE: {"product_id":"69fc926fdcb154c1e328ad14","created_at":"2026-05-07T13:23:59.666Z","updated_at":"2026-05-07T13:28:37.427Z","client_id":"69a59d1a1f943cb8dd6f6c01","user_change_history":[{"date":"2026-05-07T13:28:34.810Z","user":{"user_id":"689a49a970b1fa1cf74b7fc1","name":"Volt Sports"},"changes":{"additionalAttributes":[{"key":"codigo_marca","label":"Codigo da marca na Microvix","value":"53"},{"key":"classification","label":"Classificação","value":"7"},{"key":"collection","label":"Coleção","value":"9"},{"key":"grade1","label":"Grade 1","value":"15"},{"key":"grade2","label":"Grade 2","value":"9"},{"key":"line","label":"Linha","value":"505"},{"key":"sector","label":"Setor","value":"4"},{"key":"portal","label":"Portal","value":"23649"},{"key":"timestamp","label":"Timestamp","value":"7025959"},{"key":"codauxiliar","label":"Código Auxiliar na microvix","value":"1.E0201.05G.PT0003"},{"key":"father_reference","label":"Referência do produto pai","value":"E0201"},{"key":"tamanho","label":"Tamanho","value":"5G"},{"key":"colecao","label":"Coleção","value":"ENXOVAL"},{"key":"cor","label":"Cor","value":"PRETO"},{"key":"marca","label":"Marca","value":"VOLT+FFC"}]}},{"date":"2026-05-07T13:23:59.665Z","user":{"user_id":"689a49a970b1fa1cf74b7fc1","name":"Volt Sports"},"changes":"entity created"}],"integration_message":"A integração conseguiu processar este item com sucesso","integration_status_type":"success","integration_status":[{"created_at":"2026-05-07T13:28:37.427Z","status":"success","integrator_id":"6437f67eee562dcf88a215f3","error":"A integração conseguiu processar este item com sucesso","user":"volt@integra.do"},{"created_at":"2026-05-07T13:28:34.838Z","status":"updated","integrator_id":"6437f67eee562dcf88a215f3","error":"Updated on Middleware Database.","user":"volt@integra.do"},{"created_at":"2026-05-07T13:28:32.812Z","status":"processing","integrator_id":"6437f67eee562dcf88a215f3","error":"A integração está processando este item","user":"volt@integra.do"},{"created_at":"2026-05-07T13:23:59.681Z","status":"created","integrator_id":"6437f67eee562dcf88a215f3","error":"Created on Middleware Database.","user":"volt@integra.do"}],"seller_name":"6888c916a699a18151c72396 - Fornecedor: Figueirence","weight_type":"g","sku":"114588","name":"CMS REG TREINO GOL FFC MAS PRETO 5G","father_id":"E0201-9","ean":7901074664170,"weight":0.4,"status":"active","approved":true,"description":"CMS REG TREINO GOL FFC MAS","height":0.14,"width":0.3,"length":0.3,"type":"child","configurable_attributes":[],"additional_attributes":[{"key":"codigo_marca","label":"Codigo da marca na Microvix","value":"53"},{"key":"classification","label":"Classificação","value":"7"},{"key":"collection","label":"Coleção","value":"9"},{"key":"grade1","label":"Grade 1","value":"15"},{"key":"grade2","label":"Grade 2","value":"9"},{"key":"line","label":"Linha","value":"505"},{"key":"sector","label":"Setor","value":"4"},{"key":"portal","label":"Portal","value":"23649"},{"key":"timestamp","label":"Timestamp","value":"7025959"},{"key":"codauxiliar","label":"Código Auxiliar na microvix","value":"1.E0201.05G.PT0003"},{"key":"father_reference","label":"Referência do produto pai","value":"E0201"},{"key":"tamanho","label":"Tamanho","value":"5G"},{"key":"colecao","label":"Coleção","value":"ENXOVAL"},{"key":"cor","label":"Cor","value":"PRETO"},{"key":"marca","label":"Marca","value":"VOLT+FFC"},{"key":"product_id_vtex","label":"Id Produto Vtex","value":114588}],"image_list":[],"integrated":true,"external_ids":[],"categories":[],"warehouses":[],"resend":true,"stock_list":[{"warehouse_code":"1","stock_id":"69fc914937e48995b25f71cf","created_at":"2026-05-07T13:19:05.058Z","updated_at":"2026-05-07T13:19:05.058Z","client_id":"69a59d1a1f943cb8dd6f6c01","user_change_history":[{"date":"2026-05-07T13:19:05.057Z","user":{"user_id":"689a49a970b1fa1cf74b7fc1","name":"Volt Sports"},"changes":"entity created"}],"integration_status":[],"seller_name":"6888c916a699a18151c72396 - Fornecedor: Figueirence","sku":"114588","warehouse_name":"SPIELER SPORTS  JOINVILLE","qty":0,"status":"active","additional_attributes":[{"key":"lead_time","label":"Tempo de entrega","value":"0"}]}],"price_list":[{"price_list_code":"1","price_id":"69fc917283bc70bbd07847c1","created_at":"2026-05-07T13:19:46.237Z","updated_at":"2026-05-07T13:19:46.237Z","client_id":"69a59d1a1f943cb8dd6f6c01","user_change_history":[{"date":"2026-05-07T13:19:46.236Z","user":{"user_id":"689a49a970b1fa1cf74b7fc1","name":"Volt Sports"},"changes":"entity created"}],"integration_status":[],"seller_name":"6888c916a699a18151c72396 - Fornecedor: Figueirence","sku":"114588","status":"active","price":199.99,"replace_special_prices":[],"special_prices":[],"promotion_rules":[],"additional_attributes":[]}],"generatedSQS":true}
2026-05-07 11:58:50,389 [INFO] FILHO 114588 ENVIADO COM SUCESSO
2026-05-07 11:58:50,390 [INFO] AGUARDANDO 5s ANTES DA PRÓXIMA VARIAÇÃO
2026-05-07 11:58:55,392 [INFO] ----------------------------------------------------------------------------------------------------
2026-05-07 11:58:55,394 [INFO] VARIAÇÃO 3/8
2026-05-07 11:58:55,394 [INFO] SKU FILHO: 114589
2026-05-07 11:58:55,394 [INFO] PRODUCT_ID FILHO: 69fc9271374ce96be9cc793a
2026-05-07 11:58:55,394 [INFO] ----------------------------------------------------------------------------------------------------
2026-05-07 11:58:55,394 [INFO] INICIANDO RESEND
2026-05-07 11:58:55,394 [INFO] TENTATIVA: 1/3
2026-05-07 11:58:55,394 [INFO] SKU: 114589
2026-05-07 11:58:55,394 [INFO] NOME: PRODUTO FILHO
2026-05-07 11:58:55,394 [INFO] TIPO: child
2026-05-07 11:58:55,394 [INFO] PRODUCT_ID: 69fc9271374ce96be9cc793a
2026-05-07 11:58:55,394 [INFO] URL PUT: https://middleware-prd.api.integra.do/prd/v1/product/69fc9271374ce96be9cc793a/resend
2026-05-07 11:58:55,394 [INFO] PAYLOAD: {'entity_integrator_id': '647e3feed02bd87f86d27dff', 'skip_validation': True, 'use_seller_integrator': True}
2026-05-07 11:58:59,026 [INFO] STATUS PUT: 200
2026-05-07 11:58:59,026 [INFO] RESEND REALIZADO COM SUCESSO
2026-05-07 11:58:59,026 [INFO] RESPONSE: {"product_id":"69fc9271374ce96be9cc793a","created_at":"2026-05-07T13:24:01.534Z","updated_at":"2026-05-07T13:28:46.710Z","client_id":"69a59d1a1f943cb8dd6f6c01","user_change_history":[{"date":"2026-05-07T13:28:41.202Z","user":{"user_id":"689a49a970b1fa1cf74b7fc1","name":"Volt Sports"},"changes":{"additionalAttributes":[{"key":"codigo_marca","label":"Codigo da marca na Microvix","value":"53"},{"key":"classification","label":"Classificação","value":"7"},{"key":"collection","label":"Coleção","value":"9"},{"key":"grade1","label":"Grade 1","value":"7"},{"key":"grade2","label":"Grade 2","value":"9"},{"key":"line","label":"Linha","value":"505"},{"key":"sector","label":"Setor","value":"4"},{"key":"portal","label":"Portal","value":"23649"},{"key":"timestamp","label":"Timestamp","value":"7025980"},{"key":"codauxiliar","label":"Código Auxiliar na microvix","value":"1.E0201.04G.PT0003"},{"key":"father_reference","label":"Referência do produto pai","value":"E0201"},{"key":"tamanho","label":"Tamanho","value":"4G"},{"key":"colecao","label":"Coleção","value":"ENXOVAL"},{"key":"cor","label":"Cor","value":"PRETO"},{"key":"marca","label":"Marca","value":"VOLT+FFC"}]}},{"date":"2026-05-07T13:24:01.533Z","user":{"user_id":"689a49a970b1fa1cf74b7fc1","name":"Volt Sports"},"changes":"entity created"}],"integration_message":"A integração conseguiu processar este item com sucesso","integration_status_type":"success","integration_status":[{"created_at":"2026-05-07T13:28:46.710Z","status":"success","integrator_id":"6437f67eee562dcf88a215f3","error":"A integração conseguiu processar este item com sucesso","user":"volt@integra.do"},{"created_at":"2026-05-07T13:28:41.224Z","status":"updated","integrator_id":"6437f67eee562dcf88a215f3","error":"Updated on Middleware Database.","user":"volt@integra.do"},{"created_at":"2026-05-07T13:28:39.272Z","status":"processing","integrator_id":"6437f67eee562dcf88a215f3","error":"A integração está processando este item","user":"volt@integra.do"},{"created_at":"2026-05-07T13:24:01.571Z","status":"created","integrator_id":"6437f67eee562dcf88a215f3","error":"Created on Middleware Database.","user":"volt@integra.do"}],"seller_name":"6888c916a699a18151c72396 - Fornecedor: Figueirence","weight_type":"g","sku":"114589","name":"CMS REG TREINO GOL FFC MAS PRETO 4G","father_id":"E0201-9","ean":7901074664163,"weight":0.4,"status":"active","approved":true,"description":"CMS REG TREINO GOL FFC MAS","height":0.14,"width":0.3,"length":0.3,"type":"child","configurable_attributes":[],"additional_attributes":[{"key":"codigo_marca","label":"Codigo da marca na Microvix","value":"53"},{"key":"classification","label":"Classificação","value":"7"},{"key":"collection","label":"Coleção","value":"9"},{"key":"grade1","label":"Grade 1","value":"7"},{"key":"grade2","label":"Grade 2","value":"9"},{"key":"line","label":"Linha","value":"505"},{"key":"sector","label":"Setor","value":"4"},{"key":"portal","label":"Portal","value":"23649"},{"key":"timestamp","label":"Timestamp","value":"7025980"},{"key":"codauxiliar","label":"Código Auxiliar na microvix","value":"1.E0201.04G.PT0003"},{"key":"father_reference","label":"Referência do produto pai","value":"E0201"},{"key":"tamanho","label":"Tamanho","value":"4G"},{"key":"colecao","label":"Coleção","value":"ENXOVAL"},{"key":"cor","label":"Cor","value":"PRETO"},{"key":"marca","label":"Marca","value":"VOLT+FFC"},{"key":"product_id_vtex","label":"Id Produto Vtex","value":114589}],"image_list":[],"integrated":true,"external_ids":[],"categories":[],"warehouses":[],"resend":true,"stock_list":[{"warehouse_code":"1","stock_id":"69fc9149c087402d70c7b2d1","created_at":"2026-05-07T13:19:05.512Z","updated_at":"2026-05-07T13:19:05.512Z","client_id":"69a59d1a1f943cb8dd6f6c01","user_change_history":[{"date":"2026-05-07T13:19:05.511Z","user":{"user_id":"689a49a970b1fa1cf74b7fc1","name":"Volt Sports"},"changes":"entity created"}],"integration_status":[],"seller_name":"6888c916a699a18151c72396 - Fornecedor: Figueirence","sku":"114589","warehouse_name":"SPIELER SPORTS  JOINVILLE","qty":0,"status":"active","additional_attributes":[{"key":"lead_time","label":"Tempo de entrega","value":"0"}]}],"price_list":[{"price_list_code":"1","price_id":"69fc91721e7edc2e31c5faf8","created_at":"2026-05-07T13:19:46.631Z","updated_at":"2026-05-07T13:19:46.631Z","client_id":"69a59d1a1f943cb8dd6f6c01","user_change_history":[{"date":"2026-05-07T13:19:46.630Z","user":{"user_id":"689a49a970b1fa1cf74b7fc1","name":"Volt Sports"},"changes":"entity created"}],"integration_status":[],"seller_name":"6888c916a699a18151c72396 - Fornecedor: Figueirence","sku":"114589","status":"active","price":199.99,"replace_special_prices":[],"special_prices":[],"promotion_rules":[],"additional_attributes":[]}],"generatedSQS":true}
2026-05-07 11:58:59,028 [INFO] FILHO 114589 ENVIADO COM SUCESSO
2026-05-07 11:58:59,028 [INFO] AGUARDANDO 5s ANTES DA PRÓXIMA VARIAÇÃO
2026-05-07 11:59:04,033 [INFO] ----------------------------------------------------------------------------------------------------
2026-05-07 11:59:04,034 [INFO] VARIAÇÃO 4/8
2026-05-07 11:59:04,034 [INFO] SKU FILHO: 114590
2026-05-07 11:59:04,034 [INFO] PRODUCT_ID FILHO: 69fc92731e7edc2e31c78d81
2026-05-07 11:59:04,034 [INFO] ----------------------------------------------------------------------------------------------------
2026-05-07 11:59:04,034 [INFO] INICIANDO RESEND
2026-05-07 11:59:04,034 [INFO] TENTATIVA: 1/3
2026-05-07 11:59:04,034 [INFO] SKU: 114590
2026-05-07 11:59:04,035 [INFO] NOME: PRODUTO FILHO
2026-05-07 11:59:04,035 [INFO] TIPO: child
2026-05-07 11:59:04,035 [INFO] PRODUCT_ID: 69fc92731e7edc2e31c78d81
2026-05-07 11:59:04,035 [INFO] URL PUT: https://middleware-prd.api.integra.do/prd/v1/product/69fc92731e7edc2e31c78d81/resend
2026-05-07 11:59:04,035 [INFO] PAYLOAD: {'entity_integrator_id': '647e3feed02bd87f86d27dff', 'skip_validation': True, 'use_seller_integrator': True}
2026-05-07 11:59:07,978 [INFO] STATUS PUT: 200
2026-05-07 11:59:07,978 [INFO] RESEND REALIZADO COM SUCESSO
2026-05-07 11:59:07,978 [INFO] RESPONSE: {"product_id":"69fc92731e7edc2e31c78d81","created_at":"2026-05-07T13:24:03.772Z","updated_at":"2026-05-07T13:30:11.645Z","client_id":"69a59d1a1f943cb8dd6f6c01","user_change_history":[{"date":"2026-05-07T13:30:07.702Z","user":{"user_id":"689a49a970b1fa1cf74b7fc1","name":"Volt Sports"},"changes":{"additionalAttributes":[{"key":"codigo_marca","label":"Codigo da marca na Microvix","value":"53"},{"key":"classification","label":"Classificação","value":"7"},{"key":"collection","label":"Coleção","value":"9"},{"key":"grade1","label":"Grade 1","value":"4"},{"key":"grade2","label":"Grade 2","value":"9"},{"key":"line","label":"Linha","value":"505"},{"key":"sector","label":"Setor","value":"4"},{"key":"portal","label":"Portal","value":"23649"},{"key":"timestamp","label":"Timestamp","value":"7025991"},{"key":"codauxiliar","label":"Código Auxiliar na microvix","value":"1.E0201.M.PT0003"},{"key":"father_reference","label":"Referência do produto pai","value":"E0201"},{"key":"tamanho","label":"Tamanho","value":"M"},{"key":"colecao","label":"Coleção","value":"ENXOVAL"},{"key":"cor","label":"Cor","value":"PRETO"},{"key":"marca","label":"Marca","value":"VOLT+FFC"}]}},{"date":"2026-05-07T13:24:03.771Z","user":{"user_id":"689a49a970b1fa1cf74b7fc1","name":"Volt Sports"},"changes":"entity created"}],"integration_message":"A integração conseguiu processar este item com sucesso","integration_status_type":"success","integration_status":[{"created_at":"2026-05-07T13:30:11.644Z","status":"success","integrator_id":"6437f67eee562dcf88a215f3","error":"A integração conseguiu processar este item com sucesso","user":"volt@integra.do"},{"created_at":"2026-05-07T13:30:07.738Z","status":"updated","integrator_id":"6437f67eee562dcf88a215f3","error":"Updated on Middleware Database.","user":"volt@integra.do"},{"created_at":"2026-05-07T13:30:02.905Z","status":"processing","integrator_id":"6437f67eee562dcf88a215f3","error":"A integração está processando este item","user":"volt@integra.do"},{"created_at":"2026-05-07T13:24:03.893Z","status":"created","integrator_id":"6437f67eee562dcf88a215f3","error":"Created on Middleware Database.","user":"volt@integra.do"}],"seller_name":"6888c916a699a18151c72396 - Fornecedor: Figueirence","weight_type":"g","sku":"114590","name":"CMS REG TREINO GOL FFC MAS PRETO M","father_id":"E0201-9","ean":7901074646572,"weight":0.4,"status":"active","approved":true,"description":"CMS REG TREINO GOL FFC MAS","height":0.14,"width":0.3,"length":0.3,"type":"child","configurable_attributes":[],"additional_attributes":[{"key":"codigo_marca","label":"Codigo da marca na Microvix","value":"53"},{"key":"classification","label":"Classificação","value":"7"},{"key":"collection","label":"Coleção","value":"9"},{"key":"grade1","label":"Grade 1","value":"4"},{"key":"grade2","label":"Grade 2","value":"9"},{"key":"line","label":"Linha","value":"505"},{"key":"sector","label":"Setor","value":"4"},{"key":"portal","label":"Portal","value":"23649"},{"key":"timestamp","label":"Timestamp","value":"7025991"},{"key":"codauxiliar","label":"Código Auxiliar na microvix","value":"1.E0201.M.PT0003"},{"key":"father_reference","label":"Referência do produto pai","value":"E0201"},{"key":"tamanho","label":"Tamanho","value":"M"},{"key":"colecao","label":"Coleção","value":"ENXOVAL"},{"key":"cor","label":"Cor","value":"PRETO"},{"key":"marca","label":"Marca","value":"VOLT+FFC"},{"key":"product_id_vtex","label":"Id Produto Vtex","value":114590}],"image_list":[],"integrated":true,"external_ids":[],"categories":[],"warehouses":[],"resend":true,"stock_list":[{"warehouse_code":"1","stock_id":"69fc914ab4c0f7df680493d4","created_at":"2026-05-07T13:19:06.066Z","updated_at":"2026-05-07T13:19:06.066Z","client_id":"69a59d1a1f943cb8dd6f6c01","user_change_history":[{"date":"2026-05-07T13:19:06.065Z","user":{"user_id":"689a49a970b1fa1cf74b7fc1","name":"Volt Sports"},"changes":"entity created"}],"integration_status":[],"seller_name":"6888c916a699a18151c72396 - Fornecedor: Figueirence","sku":"114590","warehouse_name":"SPIELER SPORTS  JOINVILLE","qty":0,"status":"active","additional_attributes":[{"key":"lead_time","label":"Tempo de entrega","value":"0"}]}],"price_list":[{"price_list_code":"1","price_id":"69fc9172dcb154c1e32715b7","created_at":"2026-05-07T13:19:46.931Z","updated_at":"2026-05-07T13:19:46.931Z","client_id":"69a59d1a1f943cb8dd6f6c01","user_change_history":[{"date":"2026-05-07T13:19:46.930Z","user":{"user_id":"689a49a970b1fa1cf74b7fc1","name":"Volt Sports"},"changes":"entity created"}],"integration_status":[],"seller_name":"6888c916a699a18151c72396 - Fornecedor: Figueirence","sku":"114590","status":"active","price":199.99,"replace_special_prices":[],"special_prices":[],"promotion_rules":[],"additional_attributes":[]}],"generatedSQS":true}
2026-05-07 11:59:07,980 [INFO] FILHO 114590 ENVIADO COM SUCESSO
2026-05-07 11:59:07,980 [INFO] AGUARDANDO 5s ANTES DA PRÓXIMA VARIAÇÃO
2026-05-07 11:59:12,985 [INFO] ----------------------------------------------------------------------------------------------------
2026-05-07 11:59:12,986 [INFO] VARIAÇÃO 5/8
2026-05-07 11:59:12,986 [INFO] SKU FILHO: 114591
2026-05-07 11:59:12,986 [INFO] PRODUCT_ID FILHO: 69fc92761e7edc2e31c7937f
2026-05-07 11:59:12,986 [INFO] ----------------------------------------------------------------------------------------------------
2026-05-07 11:59:12,986 [INFO] INICIANDO RESEND
2026-05-07 11:59:12,986 [INFO] TENTATIVA: 1/3
2026-05-07 11:59:12,986 [INFO] SKU: 114591
2026-05-07 11:59:12,986 [INFO] NOME: PRODUTO FILHO
2026-05-07 11:59:12,987 [INFO] TIPO: child
2026-05-07 11:59:12,987 [INFO] PRODUCT_ID: 69fc92761e7edc2e31c7937f
2026-05-07 11:59:12,987 [INFO] URL PUT: https://middleware-prd.api.integra.do/prd/v1/product/69fc92761e7edc2e31c7937f/resend
2026-05-07 11:59:12,987 [INFO] PAYLOAD: {'entity_integrator_id': '647e3feed02bd87f86d27dff', 'skip_validation': True, 'use_seller_integrator': True}
