2026-05-08 14:03:26,915 [INFO] ################################################################################
2026-05-08 14:03:26,915 [INFO] INÍCIO DO PROCESSAMENTO
2026-05-08 14:03:26,915 [INFO] Total de SKUs: 26
2026-05-08 14:03:26,915 [INFO] ################################################################################
2026-05-08 14:03:26,915 [INFO] 
2026-05-08 14:03:26,915 [INFO] [1/26] Processando SKU: 25387-0
2026-05-08 14:03:26,915 [INFO] ================================================================================
2026-05-08 14:03:26,915 [INFO] Buscando SKU: 25387-0
2026-05-08 14:03:28,035 [INFO] Produto encontrado | SKU: 25387-0 | Tipo: configurable | ID: 69fde6701e7edc2e31f2b562
2026-05-08 14:03:28,036 [INFO] Enviando produto | SKU: 25387-0 | Tipo: configurable | Product ID: 69fde6701e7edc2e31f2b562
2026-05-08 14:03:29,014 [INFO] Envio realizado com sucesso | SKU: 25387-0
2026-05-08 14:03:29,015 [INFO] Produto configurable detectado: 25387-0
2026-05-08 14:03:29,015 [INFO] Iniciando envio dos filhos
2026-05-08 14:03:29,015 [INFO] Processando 11 variações
2026-05-08 14:03:29,016 [INFO] Enviando produto | SKU: 16016 | Tipo: child | Product ID: 69fde671dcb154c1e3548452
2026-05-08 14:03:30,047 [INFO] Envio realizado com sucesso | SKU: 16016
2026-05-08 14:03:34,052 [INFO] Enviando produto | SKU: 16017 | Tipo: child | Product ID: 69fde6731e7edc2e31f2b9cb
2026-05-08 14:03:35,079 [INFO] Envio realizado com sucesso | SKU: 16017
2026-05-08 14:03:39,083 [INFO] Enviando produto | SKU: 16032 | Tipo: child | Product ID: 69fde67583bc70bbd0a58e38
2026-05-08 14:03:39,981 [INFO] Envio realizado com sucesso | SKU: 16032
2026-05-08 14:03:43,987 [INFO] Enviando produto | SKU: 16133 | Tipo: child | Product ID: 69fde677374ce96be9f87962
2026-05-08 14:03:45,323 [INFO] Envio realizado com sucesso | SKU: 16133
2026-05-08 14:03:49,334 [INFO] Enviando produto | SKU: 16158 | Tipo: child | Product ID: 69fde67a37e48995b28ca987
2026-05-08 14:03:50,875 [INFO] Envio realizado com sucesso | SKU: 16158
2026-05-08 14:03:54,883 [INFO] Enviando produto | SKU: 16337 | Tipo: child | Product ID: 69fde67cdcb154c1e35497b4
2026-05-08 14:03:55,853 [INFO] Envio realizado com sucesso | SKU: 16337
2026-05-08 14:03:59,856 [INFO] Enviando produto | SKU: 16402 | Tipo: child | Product ID: 69fde67e374ce96be9f8851c
2026-05-08 14:04:01,128 [INFO] Envio realizado com sucesso | SKU: 16402
2026-05-08 14:04:05,134 [INFO] Enviando produto | SKU: 16435 | Tipo: child | Product ID: 69fde680dcb154c1e3549faf
2026-05-08 14:04:06,049 [INFO] Envio realizado com sucesso | SKU: 16435
2026-05-08 14:04:10,058 [INFO] Enviando produto | SKU: 16467 | Tipo: child | Product ID: 69fde68237e48995b28cb940
2026-05-08 14:04:11,090 [INFO] Envio realizado com sucesso | SKU: 16467
2026-05-08 14:04:15,093 [INFO] Enviando produto | SKU: 16468 | Tipo: child | Product ID: 69fde6841e7edc2e31f2d43a
2026-05-08 14:04:16,036 [INFO] Envio realizado com sucesso | SKU: 16468
2026-05-08 14:04:20,045 [INFO] Enviando produto | SKU: 16487 | Tipo: child | Product ID: 69fde686abb4183d04a7e9ca
2026-05-08 14:04:20,992 [INFO] Envio realizado com sucesso | SKU: 16487
2026-05-08 14:04:29,012 [INFO] 
2026-05-08 14:04:29,013 [INFO] [2/26] Processando SKU: 29531-0
2026-05-08 14:04:29,013 [INFO] ================================================================================
2026-05-08 14:04:29,014 [INFO] Buscando SKU: 29531-0
2026-05-08 14:04:29,947 [INFO] Produto encontrado | SKU: 29531-0 | Tipo: configurable | ID: 69fde6878fb0e33152ac5a1b
2026-05-08 14:04:29,949 [INFO] Enviando produto | SKU: 29531-0 | Tipo: configurable | Product ID: 69fde6878fb0e33152ac5a1b
2026-05-08 14:04:30,841 [INFO] Envio realizado com sucesso | SKU: 29531-0
2026-05-08 14:04:30,843 [INFO] Produto configurable detectado: 29531-0
2026-05-08 14:04:30,843 [INFO] Iniciando envio dos filhos
2026-05-08 14:04:30,843 [INFO] Processando 1 variações
2026-05-08 14:04:30,843 [INFO] Enviando produto | SKU: 59193 | Tipo: child | Product ID: 69fde687374ce96be9f89101
2026-05-08 14:04:31,771 [INFO] Envio realizado com sucesso | SKU: 59193
2026-05-08 14:04:39,792 [INFO] 
2026-05-08 14:04:39,793 [INFO] [3/26] Processando SKU: 29900
2026-05-08 14:04:39,793 [INFO] ================================================================================
2026-05-08 14:04:39,793 [INFO] Buscando SKU: 29900
2026-05-08 14:04:40,647 [INFO] Produto encontrado | SKU: 29900 | Tipo: configurable | ID: 69fde68eb4c0f7df6832d9e6
2026-05-08 14:04:40,649 [INFO] Enviando produto | SKU: 29900 | Tipo: configurable | Product ID: 69fde68eb4c0f7df6832d9e6
2026-05-08 14:04:41,609 [INFO] Envio realizado com sucesso | SKU: 29900
2026-05-08 14:04:41,610 [INFO] Produto configurable detectado: 29900
2026-05-08 14:04:41,610 [INFO] Iniciando envio dos filhos
2026-05-08 14:04:41,610 [INFO] Processando 1 variações
2026-05-08 14:04:41,611 [INFO] Enviando produto | SKU: 55887 | Tipo: child | Product ID: 69fde68fdcb154c1e354b4b4
2026-05-08 14:04:42,618 [INFO] Envio realizado com sucesso | SKU: 55887
2026-05-08 14:04:50,630 [INFO] 
2026-05-08 14:04:50,632 [INFO] [4/26] Processando SKU: 29933-3
2026-05-08 14:04:50,632 [INFO] ================================================================================
2026-05-08 14:04:50,632 [INFO] Buscando SKU: 29933-3
2026-05-08 14:04:51,534 [INFO] Produto encontrado | SKU: 29933-3 | Tipo: configurable | ID: 69fde692c087402d70f56ddc
2026-05-08 14:04:51,536 [INFO] Enviando produto | SKU: 29933-3 | Tipo: configurable | Product ID: 69fde692c087402d70f56ddc
2026-05-08 14:04:52,697 [INFO] Envio realizado com sucesso | SKU: 29933-3
2026-05-08 14:04:52,699 [INFO] Produto configurable detectado: 29933-3
2026-05-08 14:04:52,699 [INFO] Iniciando envio dos filhos
2026-05-08 14:04:52,699 [INFO] Processando 1 variações
2026-05-08 14:04:52,699 [INFO] Enviando produto | SKU: 75726 | Tipo: child | Product ID: 69fde6931e7edc2e31f2eaca
2026-05-08 14:04:53,659 [INFO] Envio realizado com sucesso | SKU: 75726
2026-05-08 14:05:01,678 [INFO] 
2026-05-08 14:05:01,679 [INFO] [5/26] Processando SKU: 29933-9
2026-05-08 14:05:01,679 [INFO] ================================================================================
2026-05-08 14:05:01,679 [INFO] Buscando SKU: 29933-9
2026-05-08 14:05:02,677 [INFO] Produto encontrado | SKU: 29933-9 | Tipo: configurable | ID: 69fde6908fb0e33152ac6a9a
2026-05-08 14:05:02,679 [INFO] Enviando produto | SKU: 29933-9 | Tipo: configurable | Product ID: 69fde6908fb0e33152ac6a9a
2026-05-08 14:05:03,565 [INFO] Envio realizado com sucesso | SKU: 29933-9
2026-05-08 14:05:03,567 [INFO] Produto configurable detectado: 29933-9
2026-05-08 14:05:03,567 [INFO] Iniciando envio dos filhos
2026-05-08 14:05:03,567 [INFO] Processando 1 variações
2026-05-08 14:05:03,567 [INFO] Enviando produto | SKU: 75725 | Tipo: child | Product ID: 69fde6915b288de070da57cb
2026-05-08 14:05:04,461 [INFO] Envio realizado com sucesso | SKU: 75725
2026-05-08 14:05:12,478 [INFO] 
2026-05-08 14:05:12,479 [INFO] [6/26] Processando SKU: 29959-0
2026-05-08 14:05:12,479 [INFO] ================================================================================
2026-05-08 14:05:12,479 [INFO] Buscando SKU: 29959-0
2026-05-08 14:05:13,428 [INFO] Produto encontrado | SKU: 29959-0 | Tipo: configurable | ID: 69fde68937e48995b28cc178
2026-05-08 14:05:13,430 [INFO] Enviando produto | SKU: 29959-0 | Tipo: configurable | Product ID: 69fde68937e48995b28cc178
2026-05-08 14:05:14,421 [INFO] Envio realizado com sucesso | SKU: 29959-0
2026-05-08 14:05:14,422 [INFO] Produto configurable detectado: 29959-0
2026-05-08 14:05:14,423 [INFO] Iniciando envio dos filhos
2026-05-08 14:05:14,423 [INFO] Processando 1 variações
2026-05-08 14:05:14,423 [INFO] Enviando produto | SKU: 66184 | Tipo: child | Product ID: 69fde689dcb154c1e354ab3b
2026-05-08 14:05:15,520 [INFO] Envio realizado com sucesso | SKU: 66184
2026-05-08 14:05:23,525 [INFO] 
2026-05-08 14:05:23,526 [INFO] [7/26] Processando SKU: 29931-0
2026-05-08 14:05:23,526 [INFO] ================================================================================
2026-05-08 14:05:23,526 [INFO] Buscando SKU: 29931-0
2026-05-08 14:05:24,802 [INFO] Produto encontrado | SKU: 29931-0 | Tipo: configurable | ID: 69fde68cdcb154c1e354afba
2026-05-08 14:05:24,804 [INFO] Enviando produto | SKU: 29931-0 | Tipo: configurable | Product ID: 69fde68cdcb154c1e354afba
2026-05-08 14:05:25,731 [INFO] Envio realizado com sucesso | SKU: 29931-0
2026-05-08 14:05:25,733 [INFO] Produto configurable detectado: 29931-0
2026-05-08 14:05:25,733 [INFO] Iniciando envio dos filhos
2026-05-08 14:05:25,733 [INFO] Processando 1 variações
2026-05-08 14:05:25,733 [INFO] Enviando produto | SKU: 52086 | Tipo: child | Product ID: 69fde68cc087402d70f562c3
2026-05-08 14:05:26,638 [INFO] Envio realizado com sucesso | SKU: 52086
2026-05-08 14:05:34,650 [INFO] 
2026-05-08 14:05:34,651 [INFO] [8/26] Processando SKU: 29970-0
2026-05-08 14:05:34,651 [INFO] ================================================================================
2026-05-08 14:05:34,651 [INFO] Buscando SKU: 29970-0
2026-05-08 14:05:35,615 [INFO] Produto encontrado | SKU: 29970-0 | Tipo: configurable | ID: 69fde8e0abb4183d04abe0ab
2026-05-08 14:05:35,617 [INFO] Enviando produto | SKU: 29970-0 | Tipo: configurable | Product ID: 69fde8e0abb4183d04abe0ab
2026-05-08 14:05:36,726 [INFO] Envio realizado com sucesso | SKU: 29970-0
2026-05-08 14:05:36,727 [INFO] Produto configurable detectado: 29970-0
2026-05-08 14:05:36,728 [INFO] Iniciando envio dos filhos
2026-05-08 14:05:36,728 [INFO] Processando 8 variações
2026-05-08 14:05:36,728 [INFO] Enviando produto | SKU: 66154 | Tipo: child | Product ID: 69fde8e137e48995b290b72b
2026-05-08 14:05:37,653 [INFO] Envio realizado com sucesso | SKU: 66154
2026-05-08 14:05:41,665 [INFO] Enviando produto | SKU: 66155 | Tipo: child | Product ID: 69fde8e35b288de070de332b
2026-05-08 14:05:42,752 [INFO] Envio realizado com sucesso | SKU: 66155
2026-05-08 14:05:46,764 [INFO] Enviando produto | SKU: 66156 | Tipo: child | Product ID: 69fde8e537e48995b290be41
2026-05-08 14:05:47,939 [INFO] Envio realizado com sucesso | SKU: 66156
2026-05-08 14:05:51,951 [INFO] Enviando produto | SKU: 66157 | Tipo: child | Product ID: 69fde8e88fb0e33152b05938
2026-05-08 14:05:52,963 [INFO] Envio realizado com sucesso | SKU: 66157
2026-05-08 14:05:56,973 [INFO] Enviando produto | SKU: 66158 | Tipo: child | Product ID: 69fde8eb37e48995b290c769
2026-05-08 14:05:57,957 [INFO] Envio realizado com sucesso | SKU: 66158
2026-05-08 14:06:01,969 [INFO] Enviando produto | SKU: 66159 | Tipo: child | Product ID: 69fde8ee374ce96be9fc9685
2026-05-08 14:06:03,192 [INFO] Envio realizado com sucesso | SKU: 66159
2026-05-08 14:06:07,204 [INFO] Enviando produto | SKU: 66160 | Tipo: child | Product ID: 69fde8f037e48995b290ceea
2026-05-08 14:06:08,130 [INFO] Envio realizado com sucesso | SKU: 66160
2026-05-08 14:06:12,136 [INFO] Enviando produto | SKU: 66161 | Tipo: child | Product ID: 69fde8f283bc70bbd0a9ba0d
2026-05-08 14:06:13,032 [INFO] Envio realizado com sucesso | SKU: 66161
2026-05-08 14:06:21,047 [INFO] 
2026-05-08 14:06:21,048 [INFO] [9/26] Processando SKU: 70435-3
2026-05-08 14:06:21,048 [INFO] ================================================================================
2026-05-08 14:06:21,048 [INFO] Buscando SKU: 70435-3
2026-05-08 14:06:22,050 [INFO] Produto encontrado | SKU: 70435-3 | Tipo: configurable | ID: 69fde8f4c087402d70f96630
2026-05-08 14:06:22,052 [INFO] Enviando produto | SKU: 70435-3 | Tipo: configurable | Product ID: 69fde8f4c087402d70f96630
2026-05-08 14:06:23,048 [INFO] Envio realizado com sucesso | SKU: 70435-3
2026-05-08 14:06:23,050 [INFO] Produto configurable detectado: 70435-3
2026-05-08 14:06:23,050 [INFO] Iniciando envio dos filhos
2026-05-08 14:06:23,050 [INFO] Processando 2 variações
2026-05-08 14:06:23,050 [INFO] Enviando produto | SKU: 81819 | Tipo: child | Product ID: 69fde8f58fb0e33152b06f2c
2026-05-08 14:06:24,124 [INFO] Envio realizado com sucesso | SKU: 81819
2026-05-08 14:06:28,130 [INFO] Enviando produto | SKU: 101093 | Tipo: child | Product ID: 69fde8fa374ce96be9fcac59
2026-05-08 14:06:29,052 [INFO] Envio realizado com sucesso | SKU: 101093
2026-05-08 14:06:37,066 [INFO] 
2026-05-08 14:06:37,066 [INFO] [10/26] Processando SKU: 70435-9
2026-05-08 14:06:37,066 [INFO] ================================================================================
2026-05-08 14:06:37,066 [INFO] Buscando SKU: 70435-9
2026-05-08 14:06:37,950 [INFO] Produto encontrado | SKU: 70435-9 | Tipo: configurable | ID: 69fde8f7b4c0f7df6836e22b
2026-05-08 14:06:37,952 [INFO] Enviando produto | SKU: 70435-9 | Tipo: configurable | Product ID: 69fde8f7b4c0f7df6836e22b
2026-05-08 14:06:38,853 [INFO] Envio realizado com sucesso | SKU: 70435-9
2026-05-08 14:06:38,854 [INFO] Produto configurable detectado: 70435-9
2026-05-08 14:06:38,854 [INFO] Iniciando envio dos filhos
2026-05-08 14:06:38,854 [INFO] Processando 1 variações
2026-05-08 14:06:38,854 [INFO] Enviando produto | SKU: 100918 | Tipo: child | Product ID: 69fde8f85b288de070de547f
2026-05-08 14:06:39,859 [INFO] Envio realizado com sucesso | SKU: 100918
2026-05-08 14:06:47,877 [INFO] 
2026-05-08 14:06:47,877 [INFO] [11/26] Processando SKU: 70436-3
2026-05-08 14:06:47,879 [INFO] ================================================================================
2026-05-08 14:06:47,879 [INFO] Buscando SKU: 70436-3
2026-05-08 14:06:49,046 [INFO] Produto encontrado | SKU: 70436-3 | Tipo: configurable | ID: 69fde900dcb154c1e358cdb6
2026-05-08 14:06:49,047 [INFO] Enviando produto | SKU: 70436-3 | Tipo: configurable | Product ID: 69fde900dcb154c1e358cdb6
2026-05-08 14:06:50,001 [INFO] Envio realizado com sucesso | SKU: 70436-3
2026-05-08 14:06:50,003 [INFO] Produto configurable detectado: 70436-3
2026-05-08 14:06:50,003 [INFO] Iniciando envio dos filhos
2026-05-08 14:06:50,003 [INFO] Processando 2 variações
2026-05-08 14:06:50,003 [INFO] Enviando produto | SKU: 81932 | Tipo: child | Product ID: 69fde90083bc70bbd0a9d141
2026-05-08 14:06:50,973 [INFO] Envio realizado com sucesso | SKU: 81932
2026-05-08 14:06:54,985 [INFO] Enviando produto | SKU: 101091 | Tipo: child | Product ID: 69fde902b4c0f7df6836f574
2026-05-08 14:06:56,577 [INFO] Envio realizado com sucesso | SKU: 101091
2026-05-08 14:07:04,598 [INFO] 
2026-05-08 14:07:04,599 [INFO] [12/26] Processando SKU: 70436-9
2026-05-08 14:07:04,599 [INFO] ================================================================================
2026-05-08 14:07:04,599 [INFO] Buscando SKU: 70436-9
2026-05-08 14:07:05,685 [INFO] Produto encontrado | SKU: 70436-9 | Tipo: configurable | ID: 69fde8fd5b288de070de5f73
2026-05-08 14:07:05,685 [INFO] Enviando produto | SKU: 70436-9 | Tipo: configurable | Product ID: 69fde8fd5b288de070de5f73
2026-05-08 14:07:06,696 [INFO] Envio realizado com sucesso | SKU: 70436-9
2026-05-08 14:07:06,698 [INFO] Produto configurable detectado: 70436-9
2026-05-08 14:07:06,699 [INFO] Iniciando envio dos filhos
2026-05-08 14:07:06,699 [INFO] Processando 2 variações
2026-05-08 14:07:06,699 [INFO] Enviando produto | SKU: 81931 | Tipo: child | Product ID: 69fde8fedcb154c1e358ca28
2026-05-08 14:07:07,668 [INFO] Envio realizado com sucesso | SKU: 81931
2026-05-08 14:07:11,670 [INFO] Enviando produto | SKU: 101092 | Tipo: child | Product ID: 69fde9055b288de070de6e8f
2026-05-08 14:07:12,582 [INFO] Envio realizado com sucesso | SKU: 101092
2026-05-08 14:07:20,604 [INFO] 
2026-05-08 14:07:20,606 [INFO] [13/26] Processando SKU: E0229-181
2026-05-08 14:07:20,606 [INFO] ================================================================================
2026-05-08 14:07:20,606 [INFO] Buscando SKU: E0229-181
2026-05-08 14:07:21,499 [INFO] Produto encontrado | SKU: E0229-181 | Tipo: configurable | ID: 69fdeb27abb4183d04af8dd1
2026-05-08 14:07:21,501 [INFO] Enviando produto | SKU: E0229-181 | Tipo: configurable | Product ID: 69fdeb27abb4183d04af8dd1
2026-05-08 14:07:22,457 [INFO] Envio realizado com sucesso | SKU: E0229-181
2026-05-08 14:07:22,459 [INFO] Produto configurable detectado: E0229-181
2026-05-08 14:07:22,459 [INFO] Iniciando envio dos filhos
2026-05-08 14:07:22,459 [INFO] Processando 5 variações
2026-05-08 14:07:22,459 [INFO] Enviando produto | SKU: 117053 | Tipo: child | Product ID: 69fdeb271e7edc2e31fa7bfa
2026-05-08 14:07:23,353 [INFO] Envio realizado com sucesso | SKU: 117053
2026-05-08 14:07:27,356 [INFO] Enviando produto | SKU: 117054 | Tipo: child | Product ID: 69fdeb2a83bc70bbd0ad4ce4
2026-05-08 14:07:28,287 [INFO] Envio realizado com sucesso | SKU: 117054
2026-05-08 14:07:32,289 [INFO] Enviando produto | SKU: 117055 | Tipo: child | Product ID: 69fdeb2c37e48995b2947156
2026-05-08 14:07:33,285 [INFO] Envio realizado com sucesso | SKU: 117055
2026-05-08 14:07:37,297 [INFO] Enviando produto | SKU: 117056 | Tipo: child | Product ID: 69fdeb2f374ce96be90043e4
2026-05-08 14:07:38,170 [INFO] Envio realizado com sucesso | SKU: 117056
2026-05-08 14:07:42,177 [INFO] Enviando produto | SKU: 117057 | Tipo: child | Product ID: 69fdeb31dcb154c1e35c595f
2026-05-08 14:07:43,117 [INFO] Envio realizado com sucesso | SKU: 117057
2026-05-08 14:07:51,126 [INFO] 
2026-05-08 14:07:51,127 [INFO] [14/26] Processando SKU: E5006-9
2026-05-08 14:07:51,127 [INFO] ================================================================================
2026-05-08 14:07:51,128 [INFO] Buscando SKU: E5006-9
2026-05-08 14:07:51,989 [INFO] Produto encontrado | SKU: E5006-9 | Tipo: configurable | ID: 69fdeb3337e48995b2947c10
2026-05-08 14:07:51,991 [INFO] Enviando produto | SKU: E5006-9 | Tipo: configurable | Product ID: 69fdeb3337e48995b2947c10
2026-05-08 14:07:53,229 [INFO] Envio realizado com sucesso | SKU: E5006-9
2026-05-08 14:07:53,230 [INFO] Produto configurable detectado: E5006-9
2026-05-08 14:07:53,230 [INFO] Iniciando envio dos filhos
2026-05-08 14:07:53,231 [INFO] Processando 1 variações
2026-05-08 14:07:53,231 [INFO] Enviando produto | SKU: 117058 | Tipo: child | Product ID: 69fdeb331e7edc2e31fa8ecf
2026-05-08 14:07:54,237 [INFO] Envio realizado com sucesso | SKU: 117058
2026-05-08 14:08:02,258 [INFO] 
2026-05-08 14:08:02,259 [INFO] [15/26] Processando SKU: E5007-12
2026-05-08 14:08:02,259 [INFO] ================================================================================
2026-05-08 14:08:02,259 [INFO] Buscando SKU: E5007-12
2026-05-08 14:08:03,149 [INFO] Produto encontrado | SKU: E5007-12 | Tipo: configurable | ID: 69fdeb3537e48995b2947f2b
2026-05-08 14:08:03,151 [INFO] Enviando produto | SKU: E5007-12 | Tipo: configurable | Product ID: 69fdeb3537e48995b2947f2b
2026-05-08 14:08:04,055 [INFO] Envio realizado com sucesso | SKU: E5007-12
2026-05-08 14:08:04,057 [INFO] Produto configurable detectado: E5007-12
2026-05-08 14:08:04,057 [INFO] Iniciando envio dos filhos
2026-05-08 14:08:04,057 [INFO] Processando 1 variações
2026-05-08 14:08:04,057 [INFO] Enviando produto | SKU: 117059 | Tipo: child | Product ID: 69fdeb3683bc70bbd0ad60c3
2026-05-08 14:08:05,062 [INFO] Envio realizado com sucesso | SKU: 117059
2026-05-08 14:08:13,072 [INFO] 
2026-05-08 14:08:13,074 [INFO] [16/26] Processando SKU: E5012-9
2026-05-08 14:08:13,074 [INFO] ================================================================================
2026-05-08 14:08:13,074 [INFO] Buscando SKU: E5012-9
2026-05-08 14:08:14,262 [INFO] Produto encontrado | SKU: E5012-9 | Tipo: configurable | ID: 69fdeb3883bc70bbd0ad63a1
2026-05-08 14:08:14,263 [INFO] Enviando produto | SKU: E5012-9 | Tipo: configurable | Product ID: 69fdeb3883bc70bbd0ad63a1
2026-05-08 14:08:15,232 [INFO] Envio realizado com sucesso | SKU: E5012-9
2026-05-08 14:08:15,234 [INFO] Produto configurable detectado: E5012-9
2026-05-08 14:08:15,234 [INFO] Iniciando envio dos filhos
2026-05-08 14:08:15,234 [INFO] Processando 1 variações
2026-05-08 14:08:15,234 [INFO] Enviando produto | SKU: 117060 | Tipo: child | Product ID: 69fdeb38abb4183d04afa9da
2026-05-08 14:08:16,445 [INFO] Envio realizado com sucesso | SKU: 117060
2026-05-08 14:08:24,458 [INFO] 
2026-05-08 14:08:24,459 [INFO] [17/26] Processando SKU: W0072-0
2026-05-08 14:08:24,459 [INFO] ================================================================================
2026-05-08 14:08:24,459 [INFO] Buscando SKU: W0072-0
2026-05-08 14:08:25,473 [INFO] Produto encontrado | SKU: W0072-0 | Tipo: configurable | ID: 69fdeb3a5b288de070e1fd52
2026-05-08 14:08:25,475 [INFO] Enviando produto | SKU: W0072-0 | Tipo: configurable | Product ID: 69fdeb3a5b288de070e1fd52
2026-05-08 14:08:26,623 [INFO] Envio realizado com sucesso | SKU: W0072-0
2026-05-08 14:08:26,625 [INFO] Produto configurable detectado: W0072-0
2026-05-08 14:08:26,625 [INFO] Iniciando envio dos filhos
2026-05-08 14:08:26,625 [INFO] Processando 1 variações
2026-05-08 14:08:26,625 [INFO] Enviando produto | SKU: 73369 | Tipo: child | Product ID: 69fdeb3bdcb154c1e35c68c9
2026-05-08 14:08:27,520 [INFO] Envio realizado com sucesso | SKU: 73369
2026-05-08 14:08:35,540 [INFO] 
2026-05-08 14:08:35,541 [INFO] [18/26] Processando SKU: W0460-9
2026-05-08 14:08:35,541 [INFO] ================================================================================
2026-05-08 14:08:35,541 [INFO] Buscando SKU: W0460-9
2026-05-08 14:08:36,413 [INFO] Produto encontrado | SKU: W0460-9 | Tipo: configurable | ID: 69fdeb43374ce96be9006534
2026-05-08 14:08:36,415 [INFO] Enviando produto | SKU: W0460-9 | Tipo: configurable | Product ID: 69fdeb43374ce96be9006534
2026-05-08 14:08:37,357 [INFO] Envio realizado com sucesso | SKU: W0460-9
2026-05-08 14:08:37,359 [INFO] Produto configurable detectado: W0460-9
2026-05-08 14:08:37,359 [INFO] Iniciando envio dos filhos
2026-05-08 14:08:37,360 [INFO] Processando 1 variações
2026-05-08 14:08:37,360 [INFO] Enviando produto | SKU: 80895 | Tipo: child | Product ID: 69fdeb43dcb154c1e35c76d3
2026-05-08 14:08:38,232 [INFO] Envio realizado com sucesso | SKU: 80895
2026-05-08 14:08:46,254 [INFO] 
2026-05-08 14:08:46,255 [INFO] [19/26] Processando SKU: W0462-9
2026-05-08 14:08:46,255 [INFO] ================================================================================
2026-05-08 14:08:46,255 [INFO] Buscando SKU: W0462-9
2026-05-08 14:08:47,191 [INFO] Produto encontrado | SKU: W0462-9 | Tipo: configurable | ID: 69fdeb4537e48995b2949af2
2026-05-08 14:08:47,193 [INFO] Enviando produto | SKU: W0462-9 | Tipo: configurable | Product ID: 69fdeb4537e48995b2949af2
2026-05-08 14:08:48,138 [INFO] Envio realizado com sucesso | SKU: W0462-9
2026-05-08 14:08:48,140 [INFO] Produto configurable detectado: W0462-9
2026-05-08 14:08:48,141 [INFO] Iniciando envio dos filhos
2026-05-08 14:08:48,141 [INFO] Processando 1 variações
2026-05-08 14:08:48,141 [INFO] Enviando produto | SKU: 80893 | Tipo: child | Product ID: 69fdeb45dcb154c1e35c7b19
2026-05-08 14:08:49,017 [INFO] Envio realizado com sucesso | SKU: 80893
2026-05-08 14:08:57,031 [INFO] 
2026-05-08 14:08:57,032 [INFO] [20/26] Processando SKU: W0455-9
2026-05-08 14:08:57,032 [INFO] ================================================================================
2026-05-08 14:08:57,033 [INFO] Buscando SKU: W0455-9
2026-05-08 14:08:58,033 [INFO] Produto encontrado | SKU: W0455-9 | Tipo: configurable | ID: 69fdeb4783bc70bbd0ad7c70
2026-05-08 14:08:58,035 [INFO] Enviando produto | SKU: W0455-9 | Tipo: configurable | Product ID: 69fdeb4783bc70bbd0ad7c70
2026-05-08 14:08:58,968 [INFO] Envio realizado com sucesso | SKU: W0455-9
2026-05-08 14:08:58,970 [INFO] Produto configurable detectado: W0455-9
2026-05-08 14:08:58,970 [INFO] Iniciando envio dos filhos
2026-05-08 14:08:58,970 [INFO] Processando 1 variações
2026-05-08 14:08:58,970 [INFO] Enviando produto | SKU: 80900 | Tipo: child | Product ID: 69fdeb48dcb154c1e35c7e49
2026-05-08 14:09:00,255 [INFO] Envio realizado com sucesso | SKU: 80900
2026-05-08 14:09:08,276 [INFO] 
2026-05-08 14:09:08,277 [INFO] [21/26] Processando SKU: W0456-9
2026-05-08 14:09:08,277 [INFO] ================================================================================
2026-05-08 14:09:08,277 [INFO] Buscando SKU: W0456-9
2026-05-08 14:09:09,371 [INFO] Produto encontrado | SKU: W0456-9 | Tipo: configurable | ID: 69fdeb4ac087402d70fd2a1d
2026-05-08 14:09:09,371 [INFO] Enviando produto | SKU: W0456-9 | Tipo: configurable | Product ID: 69fdeb4ac087402d70fd2a1d
2026-05-08 14:09:10,480 [INFO] Envio realizado com sucesso | SKU: W0456-9
2026-05-08 14:09:10,483 [INFO] Produto configurable detectado: W0456-9
2026-05-08 14:09:10,483 [INFO] Iniciando envio dos filhos
2026-05-08 14:09:10,483 [INFO] Processando 1 variações
2026-05-08 14:09:10,483 [INFO] Enviando produto | SKU: 80899 | Tipo: child | Product ID: 69fdeb4ab4c0f7df683aa7e6
2026-05-08 14:09:11,449 [INFO] Envio realizado com sucesso | SKU: 80899
2026-05-08 14:09:19,459 [INFO] 
2026-05-08 14:09:19,460 [INFO] [22/26] Processando SKU: E0207-495
2026-05-08 14:09:19,460 [INFO] ================================================================================
2026-05-08 14:09:19,460 [INFO] Buscando SKU: E0207-495
2026-05-08 14:09:20,563 [INFO] Produto encontrado | SKU: E0207-495 | Tipo: configurable | ID: 69fdeb4c5b288de070e21a2d
2026-05-08 14:09:20,564 [INFO] Enviando produto | SKU: E0207-495 | Tipo: configurable | Product ID: 69fdeb4c5b288de070e21a2d
2026-05-08 14:09:21,804 [INFO] Envio realizado com sucesso | SKU: E0207-495
2026-05-08 14:09:21,805 [INFO] Produto configurable detectado: E0207-495
2026-05-08 14:09:21,805 [INFO] Iniciando envio dos filhos
2026-05-08 14:09:21,805 [INFO] Processando 8 variações
2026-05-08 14:09:21,805 [INFO] Enviando produto | SKU: 114782 | Tipo: child | Product ID: 69fdeb4c37e48995b294a6a2
2026-05-08 14:09:22,747 [INFO] Envio realizado com sucesso | SKU: 114782
2026-05-08 14:09:26,749 [INFO] Enviando produto | SKU: 114783 | Tipo: child | Product ID: 69fded765b288de070e591e3
2026-05-08 14:09:27,687 [INFO] Envio realizado com sucesso | SKU: 114783
2026-05-08 14:09:31,693 [INFO] Enviando produto | SKU: 114785 | Tipo: child | Product ID: 69fded7a8fb0e33152b7c501
2026-05-08 14:09:32,958 [INFO] Envio realizado com sucesso | SKU: 114785
2026-05-08 14:09:36,965 [INFO] Enviando produto | SKU: 114784 | Tipo: child | Product ID: 69fded7c8fb0e33152b7c7eb
2026-05-08 14:09:37,863 [INFO] Envio realizado com sucesso | SKU: 114784
2026-05-08 14:09:41,869 [INFO] Enviando produto | SKU: 114786 | Tipo: child | Product ID: 69fded7eabb4183d04b35600
2026-05-08 14:09:42,793 [INFO] Envio realizado com sucesso | SKU: 114786
2026-05-08 14:09:46,800 [INFO] Enviando produto | SKU: 114787 | Tipo: child | Product ID: 69fded818fb0e33152b7cf39
2026-05-08 14:09:47,772 [INFO] Envio realizado com sucesso | SKU: 114787
2026-05-08 14:09:51,779 [INFO] Enviando produto | SKU: 114788 | Tipo: child | Product ID: 69fded83abb4183d04b35c71
2026-05-08 14:09:52,679 [INFO] Envio realizado com sucesso | SKU: 114788
2026-05-08 14:09:56,682 [INFO] Enviando produto | SKU: 114789 | Tipo: child | Product ID: 69fded84374ce96be903fffa
2026-05-08 14:09:57,681 [INFO] Envio realizado com sucesso | SKU: 114789
2026-05-08 14:10:05,693 [INFO] 
2026-05-08 14:10:05,694 [INFO] [23/26] Processando SKU: E0209-9
2026-05-08 14:10:05,694 [INFO] ================================================================================
2026-05-08 14:10:05,694 [INFO] Buscando SKU: E0209-9
2026-05-08 14:10:06,622 [INFO] Produto encontrado | SKU: E0209-9 | Tipo: configurable | ID: 69fdefd2c087402d70047827
2026-05-08 14:10:06,624 [INFO] Enviando produto | SKU: E0209-9 | Tipo: configurable | Product ID: 69fdefd2c087402d70047827
2026-05-08 14:10:07,667 [INFO] Envio realizado com sucesso | SKU: E0209-9
2026-05-08 14:10:07,668 [INFO] Produto configurable detectado: E0209-9
2026-05-08 14:10:07,669 [INFO] Iniciando envio dos filhos
2026-05-08 14:10:07,669 [INFO] Processando 8 variações
2026-05-08 14:10:07,669 [INFO] Enviando produto | SKU: 114791 | Tipo: child | Product ID: 69fdefd35b288de070e95d4d
2026-05-08 14:10:08,605 [INFO] Envio realizado com sucesso | SKU: 114791
2026-05-08 14:10:12,610 [INFO] Enviando produto | SKU: 114790 | Tipo: child | Product ID: 69fdefd537e48995b29befaa
2026-05-08 14:10:13,951 [INFO] Envio realizado com sucesso | SKU: 114790
2026-05-08 14:10:17,953 [INFO] Enviando produto | SKU: 114792 | Tipo: child | Product ID: 69fdefd7c087402d7004807d
2026-05-08 14:10:18,875 [INFO] Envio realizado com sucesso | SKU: 114792
2026-05-08 14:10:22,882 [INFO] Enviando produto | SKU: 114793 | Tipo: child | Product ID: 69fdefd91e7edc2e3101ff6a
2026-05-08 14:10:23,902 [INFO] Envio realizado com sucesso | SKU: 114793
2026-05-08 14:10:27,909 [INFO] Enviando produto | SKU: 114794 | Tipo: child | Product ID: 69fdefdb1e7edc2e31020261
2026-05-08 14:10:28,915 [INFO] Envio realizado com sucesso | SKU: 114794
2026-05-08 14:10:32,921 [INFO] Enviando produto | SKU: 114795 | Tipo: child | Product ID: 69fdefddc087402d7004897a
2026-05-08 14:10:33,899 [INFO] Envio realizado com sucesso | SKU: 114795
2026-05-08 14:10:37,904 [INFO] Enviando produto | SKU: 114796 | Tipo: child | Product ID: 69fdefdfabb4183d04b72494
2026-05-08 14:10:38,796 [INFO] Envio realizado com sucesso | SKU: 114796
2026-05-08 14:10:42,803 [INFO] Enviando produto | SKU: 114797 | Tipo: child | Product ID: 69fdefe18fb0e33152bba6e1
2026-05-08 14:10:43,761 [INFO] Envio realizado com sucesso | SKU: 114797
2026-05-08 14:10:51,764 [INFO] 
2026-05-08 14:10:51,764 [INFO] [24/26] Processando SKU: E5006-9
2026-05-08 14:10:51,764 [INFO] ================================================================================
2026-05-08 14:10:51,764 [INFO] Buscando SKU: E5006-9
2026-05-08 14:10:52,970 [INFO] Produto encontrado | SKU: E5006-9 | Tipo: configurable | ID: 69fdeb3337e48995b2947c10
2026-05-08 14:10:52,971 [INFO] Enviando produto | SKU: E5006-9 | Tipo: configurable | Product ID: 69fdeb3337e48995b2947c10
2026-05-08 14:10:53,858 [INFO] Envio realizado com sucesso | SKU: E5006-9
2026-05-08 14:10:53,859 [INFO] Produto configurable detectado: E5006-9
2026-05-08 14:10:53,859 [INFO] Iniciando envio dos filhos
2026-05-08 14:10:53,859 [INFO] Processando 1 variações
2026-05-08 14:10:53,859 [INFO] Enviando produto | SKU: 117058 | Tipo: child | Product ID: 69fdeb331e7edc2e31fa8ecf
2026-05-08 14:10:55,542 [INFO] Envio realizado com sucesso | SKU: 117058
2026-05-08 14:11:03,551 [INFO] 
2026-05-08 14:11:03,552 [INFO] [25/26] Processando SKU: E5007-12
2026-05-08 14:11:03,552 [INFO] ================================================================================
2026-05-08 14:11:03,552 [INFO] Buscando SKU: E5007-12
2026-05-08 14:11:04,620 [INFO] Produto encontrado | SKU: E5007-12 | Tipo: configurable | ID: 69fdeb3537e48995b2947f2b
2026-05-08 14:11:04,620 [INFO] Enviando produto | SKU: E5007-12 | Tipo: configurable | Product ID: 69fdeb3537e48995b2947f2b
2026-05-08 14:11:05,755 [INFO] Envio realizado com sucesso | SKU: E5007-12
2026-05-08 14:11:05,757 [INFO] Produto configurable detectado: E5007-12
2026-05-08 14:11:05,757 [INFO] Iniciando envio dos filhos
2026-05-08 14:11:05,757 [INFO] Processando 1 variações
2026-05-08 14:11:05,757 [INFO] Enviando produto | SKU: 117059 | Tipo: child | Product ID: 69fdeb3683bc70bbd0ad60c3
2026-05-08 14:11:07,468 [INFO] Envio realizado com sucesso | SKU: 117059
2026-05-08 14:11:15,479 [INFO] 
2026-05-08 14:11:15,480 [INFO] [26/26] Processando SKU: E5012-9
2026-05-08 14:11:15,480 [INFO] ================================================================================
2026-05-08 14:11:15,480 [INFO] Buscando SKU: E5012-9
2026-05-08 14:11:16,393 [INFO] Produto encontrado | SKU: E5012-9 | Tipo: configurable | ID: 69fdeb3883bc70bbd0ad63a1
2026-05-08 14:11:16,395 [INFO] Enviando produto | SKU: E5012-9 | Tipo: configurable | Product ID: 69fdeb3883bc70bbd0ad63a1
2026-05-08 14:11:17,337 [INFO] Envio realizado com sucesso | SKU: E5012-9
2026-05-08 14:11:17,339 [INFO] Produto configurable detectado: E5012-9
2026-05-08 14:11:17,339 [INFO] Iniciando envio dos filhos
2026-05-08 14:11:17,339 [INFO] Processando 1 variações
2026-05-08 14:11:17,339 [INFO] Enviando produto | SKU: 117060 | Tipo: child | Product ID: 69fdeb38abb4183d04afa9da
2026-05-08 14:11:18,421 [INFO] Envio realizado com sucesso | SKU: 117060
2026-05-08 14:11:26,429 [INFO] 
2026-05-08 14:11:26,430 [INFO] ################################################################################
2026-05-08 14:11:26,431 [INFO] PROCESSAMENTO FINALIZADO
2026-05-08 14:11:26,431 [INFO] ################################################################################
