2026-05-11 15:39:53,232 [INFO] ################################################################################
2026-05-11 15:39:53,232 [INFO] INÍCIO DO PROCESSAMENTO
2026-05-11 15:39:53,232 [INFO] Total de SKUs: 5
2026-05-11 15:39:53,232 [INFO] ################################################################################
2026-05-11 15:39:53,232 [INFO] 
2026-05-11 15:39:53,232 [INFO] [1/5] Processando SKU: W0250-0
2026-05-11 15:39:53,232 [INFO] ================================================================================
2026-05-11 15:39:53,232 [INFO] Buscando SKU: W0250-0
2026-05-11 15:39:54,284 [ERROR] Erro ao buscar SKU W0250-0 | Status: 401
2026-05-11 15:39:54,285 [INFO] 
2026-05-11 15:39:54,285 [INFO] [2/5] Processando SKU: W0250-9
2026-05-11 15:39:54,285 [INFO] ================================================================================
2026-05-11 15:39:54,285 [INFO] Buscando SKU: W0250-9
2026-05-11 15:39:55,119 [ERROR] Erro ao buscar SKU W0250-9 | Status: 401
2026-05-11 15:39:55,119 [INFO] 
2026-05-11 15:39:55,119 [INFO] [3/5] Processando SKU: E5000-7
2026-05-11 15:39:55,120 [INFO] ================================================================================
2026-05-11 15:39:55,120 [INFO] Buscando SKU: E5000-7
2026-05-11 15:39:55,941 [ERROR] Erro ao buscar SKU E5000-7 | Status: 401
2026-05-11 15:39:55,943 [INFO] 
2026-05-11 15:39:55,943 [INFO] [4/5] Processando SKU: E5003-226
2026-05-11 15:39:55,943 [INFO] ================================================================================
2026-05-11 15:39:55,943 [INFO] Buscando SKU: E5003-226
2026-05-11 15:39:56,791 [ERROR] Erro ao buscar SKU E5003-226 | Status: 401
2026-05-11 15:39:56,792 [INFO] 
2026-05-11 15:39:56,792 [INFO] [5/5] Processando SKU: E0093-9
2026-05-11 15:39:56,792 [INFO] ================================================================================
2026-05-11 15:39:56,792 [INFO] Buscando SKU: E0093-9
2026-05-11 15:39:57,619 [ERROR] Erro ao buscar SKU E0093-9 | Status: 401
2026-05-11 15:39:57,621 [INFO] 
2026-05-11 15:39:57,621 [INFO] ################################################################################
2026-05-11 15:39:57,622 [INFO] PROCESSAMENTO FINALIZADO
2026-05-11 15:39:57,622 [INFO] ################################################################################
